case__87: 
case__46: 
case__59: 
logic__398: 
datapath__37: 
signinv__27: 
datapath__39: 
logic__670: 
signinv__21: 
logic__577: 
case__156: 
case__123: 
case__5: 
datapath__6: 
signinv__23: 
logic__359: 
logic__457: 
reg__42: 
axi_infrastructure_v1_1_0_vector2axi: 
case: 
addsub__10: 
datapath__95: 
axi_crossbar_v2_1_27_arbiter_resp: 
case__120: 
reg__31: 
datapath__10: 
logic__645: 
datapath__76: 
logic__170: 
logic__113: 
logic__671: 
datapath__52: 
addsub__21: 
logic__231: 
case__85: 
logic__656: 
logic__463: 
logic__88: 
case__60: 
case__166: 
datapath__25: 
logic__19: 
logic__315: 
signinv__30: 
signinv__7: 
case__51: 
logic__311: 
counter__2: 
logic__747: 
reg__2: 
case__178: 
logic__650: 
logic__331: 
case__54: 
axi_crossbar_v2_1_27_si_transactor__parameterized0: 
datapath__29: 
case__197: 
reg__8: 
logic__69: 
case__151: 
logic__578: 
logic__637: 
case__93: 
reg__59: 
logic__784: 
datapath__81: 
logic__212: 
case__183: 
datapath__22: 
signinv__24: 
logic__683: 
reg__38: 
addsub__4: 
datapath__93: 
reg__20: 
datapath__43: 
signinv__12: 
logic__635: 
logic__630: 
datapath__49: 
datapath__19: 
datapath__32: 
logic__114: 
logic__557: 
logic__651: 
reg__54: 
logic__217: 
case__49: 
logic__257: 
case__188: 
logic__85: 
reg__9: 
logic__636: 
logic__668: 
datapath__84: 
counter__4: 
logic__483: 
logic__208: 
case__44: 
logic__251: 
case__159: 
case__154: 
case__192: 
logic__712: 
logic__364: 
logic__89: 
logic__357: 
logic__759: 
datapath__16: 
logic__582: 
logic__16: 
datapath__65: 
case__2: 
case__155: 
datapath__1: 
datapath__77: 
datapath__30: 
signinv__33: 
logic__741: 
logic__673: 
logic__551: 
logic__298: 
logic__588: 
logic__475: 
logic__616: 
reg__27: 
datapath__13: 
logic__675: 
addsub__33: 
logic__677: 
case__116: 
logic__506: 
logic__10: 
logic__631: 
signinv__19: 
case__38: 
logic__812: 
logic__391: 
signinv__29: 
logic__514: 
case__100: 
datapath__79: 
logic__774: 
logic__31: 
datapath__2: 
logic__640: 
datapath__62: 
addsub__19: 
case__91: 
signinv__32: 
datapath__27: 
logic__376: 
logic__786: 
signinv__17: 
datapath__11: 
reg__37: 
axi_infrastructure_v1_1_0_axi2vector: 
logic__243: 
logic__803: 
logic__738: 
logic__58: 
case__37: 
datapath__91: 
case__41: 
case__11: 
case__133: 
case__168: 
logic__559: 
addsub__17: 
reg__57: 
logic__837: 
datapath__92: 
case__101: 
logic__70: 
signinv__4: 
logic__612: 
logic__166: 
case__88: 
case__194: 
logic__676: 
counter__3: 
addsub__31: 
signinv: 
case__190: 
case__189: 
logic__354: 
logic__18: 
case__171: 
logic__417: 
logic__537: 
datapath__99: 
logic__626: 
axi_data_fifo_v2_1_25_axic_reg_srl_fifo: 
logic__615: 
logic__411: 
logic__811: 
logic__327: 
logic__319: 
logic__252: 
logic__4: 
logic__649: 
case__125: 
logic__344: 
datapath__54: 
case__45: 
logic__756: 
logic__204: 
logic__188: 
logic__126: 
logic__575: 
case__181: 
datapath__96: 
axi_crossbar_v2_1_27_crossbar: 
logic__168: 
logic__52: 
logic__194: 
case__191: 
datapath__69: 
datapath__34: 
case__98: 
datapath__58: 
logic__731: 
logic__721: 
axi_register_slice_v2_1_26_axic_register_slice__parameterized2: 
reg__10: 
logic__500: 
case__165: 
logic__1: 
datapath__59: 
axi_register_slice_v2_1_26_axi_register_slice: 
case__195: 
signinv__31: 
logic__666: 
logic__152: 
logic__776: 
logic__66: 
logic__363: 
reg__39: 
logic__14: 
datapath__94: 
logic__57: 
logic__794: 
logic__655: 
logic__292: 
signinv__18: 
signinv__8: 
datapath__86: 
datapath__53: 
addsub__9: 
case__145: 
reg__52: 
logic__495: 
logic__775: 
logic__617: 
logic__583: 
logic__71: 
logic__9: 
logic__12: 
signinv__34: 
logic__396: 
logic__13: 
logic__641: 
logic__558: 
axi_crossbar_v2_1_27_axi_crossbar: 
logic__777: 
reg__44: 
datapath__26: 
addsub__18: 
datapath__12: 
case__56: 
addsub__34: 
logic__265: 
logic__200: 
logic__22: 
reg__33: 
logic__171: 
logic__238: 
logic__115: 
logic__412: 
case__164: 
logic__696: 
case__58: 
case__10: 
case__186: 
logic__187: 
case__40: 
reg__48: 
logic__702: 
logic__714: 
datapath__9: 
logic__74: 
logic__672: 
logic__224: 
addsub__20: 
datapath__23: 
logic__471: 
case__199: 
logic__802: 
addsub__23: 
case__1: 
datapath__33: 
reg__36: 
logic__783: 
logic__370: 
logic__342: 
case__52: 
datapath__20: 
logic__347: 
logic__510: 
logic__622: 
logic__638: 
signinv__25: 
logic__611: 
logic__250: 
datapath__90: 
case__177: 
reg__4: 
logic__825: 
logic__723: 
datapath__40: 
logic__549: 
signinv__20: 
logic__384: 
reg__16: 
logic__197: 
logic__7: 
datapath__46: 
case__86: 
addsub__1: 
case__153: 
reg__61: 
addsub__25: 
datapath__17: 
signinv__9: 
axi_register_slice_v2_1_26_axic_register_slice__parameterized1: 
axi_crossbar_v2_1_27_wdata_mux: 
reg__41: 
logic__209: 
case__174: 
case__102: 
logic__355: 
logic__151: 
logic__368: 
logic__163: 
reg__17: 
datapath__38: 
logic__568: 
logic__17: 
signinv__26: 
logic__681: 
datapath__67: 
logic__223: 
reg__63: 
case__90: 
logic__576: 
datapath__50: 
case__131: 
signinv__3: 
case__48: 
logic__720: 
datapath__42: 
datapath__14: 
logic__722: 
logic__127: 
logic__739: 
addsub__26: 
signinv__14: 
logic__562: 
case__147: 
logic__467: 
datapath__35: 
logic__189: 
addsub__3: 
logic__627: 
logic__5: 
datapath__7: 
datapath__60: 
case__99: 
logic__610: 
signinv__22: 
datapath__63: 
logic__571: 
logic__765: 
logic__648: 
signinv__11: 
signinv__5: 
addsub__24: 
logic__33: 
case__9: 
logic__264: 
logic__623: 
logic__530: 
logic__804: 
logic__667: 
axi_register_slice_v2_1_26_axic_register_slice__parameterized0: 
reg__40: 
logic__785: 
logic__679: 
datapath__44: 
logic__63: 
logic__810: 
logic__367: 
logic__682: 
logic__793: 
reg__62: 
reg__5: 
reg__29: 
logic__299: 
logic__206: 
logic__748: 
counter__5: 
datapath__88: 
case__180: 
case__43: 
logic__21: 
addsub__11: 
logic__499: 
reg__19: 
reg__58: 
axi_crossbar_v2_1_27_addr_arbiter: 
case__126: 
logic__403: 
logic__195: 
logic__487: 
case__198: 
logic__643: 
logic__503: 
case__53: 
case__121: 
logic__307: 
logic__458: 
logic__792: 
case__148: 
datapath__55: 
logic__190: 
datapath__5: 
datapath__80: 
logic__6: 
case__117: 
logic__822: 
logic__639: 
reg__15: 
case__146: 
reg__35: 
case__55: 
logic__529: 
logic__556: 
case__128: 
logic__369: 
logic__172: 
logic__128: 
logic__164: 
logic__834: 
logic__795: 
addsub__5: 
logic__766: 
signinv__35: 
addsub__14: 
datapath__98: 
case__3: 
logic__205: 
logic__65: 
reg__14: 
reg: 
datapath__73: 
logic: 
logic__216: 
logic__547: 
datapath__66: 
logic__498: 
logic__349: 
logic__584: 
datapath__56: 
logic__210: 
logic__389: 
logic__87: 
case__193: 
signinv__16: 
logic__704: 
logic__236: 
logic__767: 
logic__705: 
datapath__36: 
datapath__89: 
logic__371: 
muxpart: 
case__127: 
reg__47: 
muxpart__12: 
datapath__82: 
logic__303: 
logic__67: 
logic__323: 
case__187: 
reg__32: 
addsub__35: 
datapath__75: 
logic__730: 
counter__1: 
logic__647: 
datapath__71: 
reg__13: 
logic__350: 
logic__694: 
datapath__3: 
logic__563: 
logic__750: 
logic__653: 
generic_baseblocks_v2_1_0_comparator_static__parameterized3: 
case__47: 
logic__546: 
case__161: 
case__94: 
logic__425: 
reg__7: 
logic__620: 
addsub__29: 
logic__198: 
case__132: 
logic__244: 
logic__37: 
logic__222: 
logic__23: 
logic__102: 
datapath__64: 
design_1_xbar_0: 
addsub__32: 
addsub: 
logic__692: 
datapath__100: 
datapath__97: 
logic__3: 
datapath__24: 
axi_data_fifo_v2_1_25_ndeep_srl: 
datapath__70: 
logic__203: 
reg__18: 
logic__140: 
reg__23: 
datapath__51: 
logic__73: 
datapath__21: 
logic__732: 
generic_baseblocks_v2_1_0_comparator_static: 
datapath__47: 
logic__382: 
logic__184: 
datapath__31: 
logic__479: 
logic__362: 
logic__410: 
logic__86: 
datapath__78: 
logic__202: 
case__144: 
case__124: 
addsub__2: 
logic__644: 
logic__552: 
generic_baseblocks_v2_1_0_carry_and: 
case__196: 
logic__665: 
logic__64: 
logic__101: 
logic__828: 
datapath__45: 
addsub__16: 
datapath__8: 
case__149: 
addsub__27: 
generic_baseblocks_v2_1_0_comparator_static__parameterized2: 
datapath__18: 
datapath__28: 
case__36: 
addsub__8: 
datapath: 
logic__377: 
datapath__103: 
logic__38: 
reg__3: 
datapath__101: 
logic__245: 
case__96: 
logic__397: 
logic__360: 
reg__28: 
logic__51: 
case__150: 
case__175: 
addsub__13: 
logic__230: 
logic__757: 
axi_register_slice_v2_1_26_axic_register_slice: 
logic__713: 
logic__358: 
reg__49: 
axi_data_fifo_v2_1_25_axic_srl_fifo__parameterized2: 
datapath__15: 
reg__55: 
logic__590: 
axi_crossbar_v2_1_27_addr_decoder: 
logic__372: 
reg__50: 
datapath__104: 
logic__646: 
logic__669: 
logic__550: 
logic__24: 
axi_crossbar_v2_1_27_wdata_router: 
case__134: 
logic__674: 
case__130: 
logic__561: 
logic__15: 
logic__139: 
signinv__13: 
case__50: 
logic__678: 
logic__365: 
logic__540: 
signinv__1: 
reg__6: 
case__4: 
reg__12: 
axi_crossbar_v2_1_27_splitter: 
logic__50: 
generic_baseblocks_v2_1_0_mux_enc: 
logic__544: 
logic__451: 
case__92: 
logic__680: 
datapath__74: 
generic_baseblocks_v2_1_0_comparator_static__parameterized1: 
logic__801: 
logic__72: 
logic__207: 
logic__199: 
logic__740: 
logic__703: 
reg__51: 
logic__297: 
reg__60: 
logic__768: 
signinv__2: 
datapath__72: 
case__162: 
logic__20: 
datapath__41: 
addsub__6: 
logic__632: 
axi_crossbar_v2_1_27_wdata_mux__parameterized1: 
logic__560: 
signinv__15: 
logic__404: 
axi_data_fifo_v2_1_25_axic_srl_fifo__parameterized1: 
logic__492: 
signinv__6: 
logic__693: 
reg__43: 
logic__56: 
datapath__4: 
logic__366: 
case__57: 
datapath__68: 
generic_baseblocks_v2_1_0_mux_enc__parameterized0: 
logic__711: 
case__169: 
datapath__48: 
case__118: 
counter: 
logic__642: 
reg__1: 
logic__831: 
case__6: 
logic__196: 
logic__548: 
reg__53: 
addsub__15: 
signinv__10: 
logic__332: 
case__42: 
logic__25: 
logic__229: 
logic__652: 
logic__452: 
case__172: 
axi_crossbar_v2_1_27_decerr_slave: 
logic__356: 
logic__11: 
addsub__7: 
datapath__83: 
logic__813: 
logic__491: 
logic__405: 
datapath__87: 
logic__8: 
logic__819: 
axi_crossbar_v2_1_27_si_transactor: 
logic__654: 
generic_baseblocks_v2_1_0_comparator_static__parameterized0: 
logic__2: 
addsub__22: 
axi_data_fifo_v2_1_25_ndeep_srl__parameterized1: 
datapath__57: 
muxpart__13: 
case__119: 
datapath__85: 
logic__383: 
case__160: 
logic__68: 
case__97: 
logic__459: 
reg__56: 
addsub__30: 
axi_crossbar_v2_1_27_wdata_mux__parameterized0: 
datapath__61: 
reg__22: 
datapath__102: 
reg__34: 
logic__589: 
case__163: 
logic__613: 
case__129: 
addsub__28: 
logic__291: 
logic__545: 
reg__30: 
case__95: 
case__8: 
logic__348: 
logic__237: 
axi_data_fifo_v2_1_25_axic_srl_fifo: 
logic__201: 
reg__21: 
axi_data_fifo_v2_1_25_axic_srl_fifo__parameterized0: 
reg__11: 
logic__361: 
signinv__28: 
logic__100: 
logic__749: 
case__39: 
case__157: 
addsub__12: 
reg__26: 
case__184: 
logic__531: 
logic__424: 
case__7: 
case__89: 
case__158: 
axi_data_fifo_v2_1_25_ndeep_srl__parameterized0: 
logic__729: 
case__122: 
logic__211: 
logic__390: 
logic__182: 
