

================================================================
== Vitis HLS Report for 'paralleltostreamwithburst_Pipeline_VITIS_LOOP_100_2'
================================================================
* Date:           Sat Jun 15 17:11:13 2024

* Version:        2023.2 (Build 4023990 on Oct 11 2023)
* Project:        hls_userdma
* Solution:       solution1 (Vivado IP Flow Target)
* Product family: zynq
* Target device:  xc7z020-clg400-1


================================================================
== Performance Estimates
================================================================
+ Timing: 
    * Summary: 
    +--------+----------+----------+------------+
    |  Clock |  Target  | Estimated| Uncertainty|
    +--------+----------+----------+------------+
    |ap_clk  |  10.00 ns|  7.300 ns|     2.70 ns|
    +--------+----------+----------+------------+

+ Latency: 
    * Summary: 
    +---------+---------+----------+----------+-----+-----+---------+
    |  Latency (cycles) |  Latency (absolute) |  Interval | Pipeline|
    |   min   |   max   |    min   |    max   | min | max |   Type  |
    +---------+---------+----------+----------+-----+-----+---------+
    |        ?|        ?|         ?|         ?|    ?|    ?|       no|
    +---------+---------+----------+----------+-----+-----+---------+

    + Detail: 
        * Instance: 
        N/A

        * Loop: 
        +--------------------+---------+---------+----------+-----------+-----------+------+----------+
        |                    |  Latency (cycles) | Iteration|  Initiation Interval  | Trip |          |
        |      Loop Name     |   min   |   max   |  Latency |  achieved |   target  | Count| Pipelined|
        +--------------------+---------+---------+----------+-----------+-----------+------+----------+
        |- VITIS_LOOP_100_2  |        ?|        ?|         3|          1|          1|     ?|       yes|
        +--------------------+---------+---------+----------+-----------+-----------+------+----------+



================================================================
== Utilization Estimates
================================================================
* Summary: 
+-----------------+---------+-----+--------+-------+-----+
|       Name      | BRAM_18K| DSP |   FF   |  LUT  | URAM|
+-----------------+---------+-----+--------+-------+-----+
|DSP              |        -|    -|       -|      -|    -|
|Expression       |        -|    -|       0|    207|    -|
|FIFO             |        -|    -|       -|      -|    -|
|Instance         |        -|    -|       -|      -|    -|
|Memory           |        -|    -|       -|      -|    -|
|Multiplexer      |        -|    -|       -|     63|    -|
|Register         |        -|    -|     108|      -|    -|
+-----------------+---------+-----+--------+-------+-----+
|Total            |        0|    0|     108|    270|    0|
+-----------------+---------+-----+--------+-------+-----+
|Available        |      280|  220|  106400|  53200|    0|
+-----------------+---------+-----+--------+-------+-----+
|Utilization (%)  |        0|    0|      ~0|     ~0|    0|
+-----------------+---------+-----+--------+-------+-----+

+ Detail: 
    * Instance: 
    N/A

    * DSP: 
    N/A

    * Memory: 
    N/A

    * FIFO: 
    N/A

    * Expression: 
    +--------------------------------+----------+----+---+----+------------+------------+
    |          Variable Name         | Operation| DSP| FF| LUT| Bitwidth P0| Bitwidth P1|
    +--------------------------------+----------+----+---+----+------------+------------+
    |add_ln100_fu_155_p2             |         +|   0|  0|  13|           5|           1|
    |add_ln114_fu_249_p2             |         +|   0|  0|  39|          32|           2|
    |out_val_last_fu_235_p2          |       and|   0|  0|   2|           1|           1|
    |icmp_ln100_fu_149_p2            |      icmp|   0|  0|  39|          32|          32|
    |icmp_ln108_1_fu_161_p2          |      icmp|   0|  0|  39|          32|          32|
    |icmp_ln108_fu_229_p2            |      icmp|   0|  0|  39|          32|           5|
    |ap_block_pp0_stage0_01001       |        or|   0|  0|   2|           1|           1|
    |out_val_data_filed_1_fu_223_p3  |    select|   0|  0|  32|           1|          32|
    |ap_enable_pp0                   |       xor|   0|  0|   2|           1|           2|
    +--------------------------------+----------+----+---+----+------------+------------+
    |Total                           |          |   0|  0| 207|         137|         108|
    +--------------------------------+----------+----+---+----+------------+------------+

    * Multiplexer: 
    +-----------------------------------------------------------------------------+----+-----------+-----+-----------+
    |                                     Name                                    | LUT| Input Size| Bits| Total Bits|
    +-----------------------------------------------------------------------------+----+-----------+-----+-----------+
    |ap_done_int                                                                  |   9|          2|    1|          2|
    |ap_enable_reg_pp0_iter1                                                      |   9|          2|    1|          2|
    |ap_sig_allocacmp_i_1                                                         |   9|          2|    5|         10|
    |gmem1_blk_n_R                                                                |   9|          2|    1|          2|
    |i_fu_78                                                                      |   9|          2|    5|         10|
    |outbuf_blk_n                                                                 |   9|          2|    1|          2|
    |paralleltostreamwithburst_ap_uint_ap_uint_int_hls_stream_bool_m2s_len_fu_82  |   9|          2|   32|         64|
    +-----------------------------------------------------------------------------+----+-----------+-----+-----------+
    |Total                                                                        |  63|         14|   46|         92|
    +-----------------------------------------------------------------------------+----+-----------+-----+-----------+

    * Register: 
    +-----------------------------------------------------------------------------+----+----+-----+-----------+
    |                                     Name                                    | FF | LUT| Bits| Const Bits|
    +-----------------------------------------------------------------------------+----+----+-----+-----------+
    |ap_CS_fsm                                                                    |   1|   0|    1|          0|
    |ap_done_reg                                                                  |   1|   0|    1|          0|
    |ap_enable_reg_pp0_iter1                                                      |   1|   0|    1|          0|
    |ap_enable_reg_pp0_iter2                                                      |   1|   0|    1|          0|
    |ap_loop_exit_ready_pp0_iter1_reg                                             |   1|   0|    1|          0|
    |i_fu_78                                                                      |   5|   0|    5|          0|
    |icmp_ln108_1_reg_288                                                         |   1|   0|    1|          0|
    |icmp_ln108_1_reg_288_pp0_iter1_reg                                           |   1|   0|    1|          0|
    |paralleltostreamwithburst_ap_uint_ap_uint_int_hls_stream_bool_m2s_len_fu_82  |  32|   0|   32|          0|
    |temp_reg_293                                                                 |  32|   0|   32|          0|
    |tmp1_reg_298                                                                 |   8|   0|    8|          0|
    |tmp_1_reg_308                                                                |   8|   0|    8|          0|
    |tmp_s_reg_303                                                                |   8|   0|    8|          0|
    |trunc_ln104_reg_313                                                          |   8|   0|    8|          0|
    +-----------------------------------------------------------------------------+----+----+-----+-----------+
    |Total                                                                        | 108|   0|  108|          0|
    +-----------------------------------------------------------------------------+----+----+-----+-----------+



================================================================
== Interface
================================================================
* Summary: 
+-----------------------+-----+-----+------------+-----------------------------------------------------+--------------+
|       RTL Ports       | Dir | Bits|  Protocol  |                    Source Object                    |    C Type    |
+-----------------------+-----+-----+------------+-----------------------------------------------------+--------------+
|ap_clk                 |   in|    1|  ap_ctrl_hs|  paralleltostreamwithburst_Pipeline_VITIS_LOOP_100_2|  return value|
|ap_rst                 |   in|    1|  ap_ctrl_hs|  paralleltostreamwithburst_Pipeline_VITIS_LOOP_100_2|  return value|
|ap_start               |   in|    1|  ap_ctrl_hs|  paralleltostreamwithburst_Pipeline_VITIS_LOOP_100_2|  return value|
|ap_done                |  out|    1|  ap_ctrl_hs|  paralleltostreamwithburst_Pipeline_VITIS_LOOP_100_2|  return value|
|ap_idle                |  out|    1|  ap_ctrl_hs|  paralleltostreamwithburst_Pipeline_VITIS_LOOP_100_2|  return value|
|ap_ready               |  out|    1|  ap_ctrl_hs|  paralleltostreamwithburst_Pipeline_VITIS_LOOP_100_2|  return value|
|m_axi_gmem1_AWVALID    |  out|    1|       m_axi|                                                gmem1|       pointer|
|m_axi_gmem1_AWREADY    |   in|    1|       m_axi|                                                gmem1|       pointer|
|m_axi_gmem1_AWADDR     |  out|   64|       m_axi|                                                gmem1|       pointer|
|m_axi_gmem1_AWID       |  out|    1|       m_axi|                                                gmem1|       pointer|
|m_axi_gmem1_AWLEN      |  out|   32|       m_axi|                                                gmem1|       pointer|
|m_axi_gmem1_AWSIZE     |  out|    3|       m_axi|                                                gmem1|       pointer|
|m_axi_gmem1_AWBURST    |  out|    2|       m_axi|                                                gmem1|       pointer|
|m_axi_gmem1_AWLOCK     |  out|    2|       m_axi|                                                gmem1|       pointer|
|m_axi_gmem1_AWCACHE    |  out|    4|       m_axi|                                                gmem1|       pointer|
|m_axi_gmem1_AWPROT     |  out|    3|       m_axi|                                                gmem1|       pointer|
|m_axi_gmem1_AWQOS      |  out|    4|       m_axi|                                                gmem1|       pointer|
|m_axi_gmem1_AWREGION   |  out|    4|       m_axi|                                                gmem1|       pointer|
|m_axi_gmem1_AWUSER     |  out|    1|       m_axi|                                                gmem1|       pointer|
|m_axi_gmem1_WVALID     |  out|    1|       m_axi|                                                gmem1|       pointer|
|m_axi_gmem1_WREADY     |   in|    1|       m_axi|                                                gmem1|       pointer|
|m_axi_gmem1_WDATA      |  out|   32|       m_axi|                                                gmem1|       pointer|
|m_axi_gmem1_WSTRB      |  out|    4|       m_axi|                                                gmem1|       pointer|
|m_axi_gmem1_WLAST      |  out|    1|       m_axi|                                                gmem1|       pointer|
|m_axi_gmem1_WID        |  out|    1|       m_axi|                                                gmem1|       pointer|
|m_axi_gmem1_WUSER      |  out|    1|       m_axi|                                                gmem1|       pointer|
|m_axi_gmem1_ARVALID    |  out|    1|       m_axi|                                                gmem1|       pointer|
|m_axi_gmem1_ARREADY    |   in|    1|       m_axi|                                                gmem1|       pointer|
|m_axi_gmem1_ARADDR     |  out|   64|       m_axi|                                                gmem1|       pointer|
|m_axi_gmem1_ARID       |  out|    1|       m_axi|                                                gmem1|       pointer|
|m_axi_gmem1_ARLEN      |  out|   32|       m_axi|                                                gmem1|       pointer|
|m_axi_gmem1_ARSIZE     |  out|    3|       m_axi|                                                gmem1|       pointer|
|m_axi_gmem1_ARBURST    |  out|    2|       m_axi|                                                gmem1|       pointer|
|m_axi_gmem1_ARLOCK     |  out|    2|       m_axi|                                                gmem1|       pointer|
|m_axi_gmem1_ARCACHE    |  out|    4|       m_axi|                                                gmem1|       pointer|
|m_axi_gmem1_ARPROT     |  out|    3|       m_axi|                                                gmem1|       pointer|
|m_axi_gmem1_ARQOS      |  out|    4|       m_axi|                                                gmem1|       pointer|
|m_axi_gmem1_ARREGION   |  out|    4|       m_axi|                                                gmem1|       pointer|
|m_axi_gmem1_ARUSER     |  out|    1|       m_axi|                                                gmem1|       pointer|
|m_axi_gmem1_RVALID     |   in|    1|       m_axi|                                                gmem1|       pointer|
|m_axi_gmem1_RREADY     |  out|    1|       m_axi|                                                gmem1|       pointer|
|m_axi_gmem1_RDATA      |   in|   32|       m_axi|                                                gmem1|       pointer|
|m_axi_gmem1_RLAST      |   in|    1|       m_axi|                                                gmem1|       pointer|
|m_axi_gmem1_RID        |   in|    1|       m_axi|                                                gmem1|       pointer|
|m_axi_gmem1_RFIFONUM   |   in|    7|       m_axi|                                                gmem1|       pointer|
|m_axi_gmem1_RUSER      |   in|    1|       m_axi|                                                gmem1|       pointer|
|m_axi_gmem1_RRESP      |   in|    2|       m_axi|                                                gmem1|       pointer|
|m_axi_gmem1_BVALID     |   in|    1|       m_axi|                                                gmem1|       pointer|
|m_axi_gmem1_BREADY     |  out|    1|       m_axi|                                                gmem1|       pointer|
|m_axi_gmem1_BRESP      |   in|    2|       m_axi|                                                gmem1|       pointer|
|m_axi_gmem1_BID        |   in|    1|       m_axi|                                                gmem1|       pointer|
|m_axi_gmem1_BUSER      |   in|    1|       m_axi|                                                gmem1|       pointer|
|outbuf_din             |  out|   33|     ap_fifo|                                               outbuf|       pointer|
|outbuf_num_data_valid  |   in|    7|     ap_fifo|                                               outbuf|       pointer|
|outbuf_fifo_cap        |   in|    7|     ap_fifo|                                               outbuf|       pointer|
|outbuf_full_n          |   in|    1|     ap_fifo|                                               outbuf|       pointer|
|outbuf_write           |  out|    1|     ap_fifo|                                               outbuf|       pointer|
|count                  |   in|   32|     ap_none|                                                count|        scalar|
|count_1                |   in|   32|     ap_none|                                              count_1|        scalar|
|sext_ln100             |   in|   62|     ap_none|                                           sext_ln100|        scalar|
|endianness             |   in|    1|     ap_none|                                           endianness|        scalar|
|sub                    |   in|   32|     ap_none|                                                  sub|        scalar|
+-----------------------+-----+-----+------------+-----------------------------------------------------+--------------+

